main.c:83:5:main	8	static
main.c:102:6:Task1_handler	8	static
main.c:112:6:Task2_handler	8	static
main.c:122:6:Task3_handler	8	static
main.c:133:6:Task4_handler	8	static
main.c:144:6:IdleTask_handler	4	static
main.c:152:6:systick_init	32	static
main.c:169:6:task_stack_init	24	static
main.c:215:29:sched_stack_init	0	static,ignoring_inline_asm
main.c:221:10:get_psp_value	4	static
main.c:226:29:switch_sp_to_psp	0	static,ignoring_inline_asm
main.c:239:6:save_psp_value	16	static
main.c:244:6:update_next_task	16	static
main.c:265:29:PendSV_Handler	0	static,ignoring_inline_asm
main.c:287:6:update_tick_count	4	static
main.c:292:6:unblock_task	16	static
main.c:307:6:do_context_switch	16	static
main.c:313:6:SysTick_Handler	8	static
main.c:320:6:HardFault_Handler	8	static
main.c:327:6:MemManage_Handler	8	static
main.c:332:7:BusFault_Handler	8	static
main.c:338:6:enable_processor_faults	16	static
main.c:346:6:task_delay	16	static
